DEBUG - 2026-06-10 06:26:38 --> Session: Class initialized using 'CodeIgniter\Session\Handlers\FileHandler' driver.
DEBUG - 2026-06-10 06:26:39 --> Session: Class initialized using 'CodeIgniter\Session\Handlers\FileHandler' driver.
DEBUG - 2026-06-10 06:26:43 --> Session: Class initialized using 'CodeIgniter\Session\Handlers\FileHandler' driver.
DEBUG - 2026-06-10 06:26:43 --> Session: Class initialized using 'CodeIgniter\Session\Handlers\FileHandler' driver.
DEBUG - 2026-06-10 06:26:55 --> Session: Class initialized using 'CodeIgniter\Session\Handlers\FileHandler' driver.
DEBUG - 2026-06-10 06:26:55 --> Session: Class initialized using 'CodeIgniter\Session\Handlers\FileHandler' driver.
DEBUG - 2026-06-10 06:27:19 --> Session: Class initialized using 'CodeIgniter\Session\Handlers\FileHandler' driver.
DEBUG - 2026-06-10 06:27:29 --> Session: Class initialized using 'CodeIgniter\Session\Handlers\FileHandler' driver.
INFO - 2026-06-10 06:27:29 --> Cart Class Initialized
DEBUG - 2026-06-10 06:27:29 --> Session: Class initialized using 'CodeIgniter\Session\Handlers\FileHandler' driver.
DEBUG - 2026-06-10 06:27:32 --> Session: Class initialized using 'CodeIgniter\Session\Handlers\FileHandler' driver.
INFO - 2026-06-10 06:27:32 --> Cart Class Initialized
DEBUG - 2026-06-10 06:28:08 --> Session: Class initialized using 'CodeIgniter\Session\Handlers\FileHandler' driver.
INFO - 2026-06-10 06:28:08 --> Cart Class Initialized
DEBUG - 2026-06-10 06:28:13 --> Session: Class initialized using 'CodeIgniter\Session\Handlers\FileHandler' driver.
DEBUG - 2026-06-10 06:28:46 --> Session: Class initialized using 'CodeIgniter\Session\Handlers\FileHandler' driver.
DEBUG - 2026-06-10 06:28:46 --> Session: Class initialized using 'CodeIgniter\Session\Handlers\FileHandler' driver.
DEBUG - 2026-06-10 06:28:49 --> Session: Class initialized using 'CodeIgniter\Session\Handlers\FileHandler' driver.
INFO - 2026-06-10 06:28:49 --> Cart Class Initialized
DEBUG - 2026-06-10 06:28:52 --> Session: Class initialized using 'CodeIgniter\Session\Handlers\FileHandler' driver.
INFO - 2026-06-10 06:28:52 --> Cart Class Initialized
DEBUG - 2026-06-10 06:28:52 --> Session: Class initialized using 'CodeIgniter\Session\Handlers\FileHandler' driver.
INFO - 2026-06-10 06:28:52 --> Cart Class Initialized
DEBUG - 2026-06-10 06:28:55 --> Session: Class initialized using 'CodeIgniter\Session\Handlers\FileHandler' driver.
INFO - 2026-06-10 06:28:55 --> Cart Class Initialized
DEBUG - 2026-06-10 06:28:55 --> Session: Class initialized using 'CodeIgniter\Session\Handlers\FileHandler' driver.
INFO - 2026-06-10 06:28:55 --> Cart Class Initialized
DEBUG - 2026-06-10 06:28:57 --> Session: Class initialized using 'CodeIgniter\Session\Handlers\FileHandler' driver.
DEBUG - 2026-06-10 06:28:59 --> Session: Class initialized using 'CodeIgniter\Session\Handlers\FileHandler' driver.
INFO - 2026-06-10 06:28:59 --> Cart Class Initialized
DEBUG - 2026-06-10 06:28:59 --> Session: Class initialized using 'CodeIgniter\Session\Handlers\FileHandler' driver.
DEBUG - 2026-06-10 06:29:01 --> Session: Class initialized using 'CodeIgniter\Session\Handlers\FileHandler' driver.
INFO - 2026-06-10 06:29:01 --> Cart Class Initialized
DEBUG - 2026-06-10 06:29:03 --> Session: Class initialized using 'CodeIgniter\Session\Handlers\FileHandler' driver.
INFO - 2026-06-10 06:29:03 --> Cart Class Initialized
DEBUG - 2026-06-10 06:29:03 --> Session: Class initialized using 'CodeIgniter\Session\Handlers\FileHandler' driver.
INFO - 2026-06-10 06:29:03 --> Cart Class Initialized
DEBUG - 2026-06-10 06:41:11 --> Session: Class initialized using 'CodeIgniter\Session\Handlers\FileHandler' driver.
INFO - 2026-06-10 06:41:11 --> Cart Class Initialized
DEBUG - 2026-06-10 06:41:18 --> Session: Class initialized using 'CodeIgniter\Session\Handlers\FileHandler' driver.
INFO - 2026-06-10 06:41:18 --> Cart Class Initialized
DEBUG - 2026-06-10 06:41:20 --> Session: Class initialized using 'CodeIgniter\Session\Handlers\FileHandler' driver.
INFO - 2026-06-10 06:41:20 --> Cart Class Initialized
DEBUG - 2026-06-10 06:41:57 --> Session: Class initialized using 'CodeIgniter\Session\Handlers\FileHandler' driver.
DEBUG - 2026-06-10 06:41:58 --> Session: Class initialized using 'CodeIgniter\Session\Handlers\FileHandler' driver.
INFO - 2026-06-10 06:41:58 --> Cart Class Initialized
DEBUG - 2026-06-10 06:41:58 --> Session: Class initialized using 'CodeIgniter\Session\Handlers\FileHandler' driver.
DEBUG - 2026-06-10 06:42:00 --> Session: Class initialized using 'CodeIgniter\Session\Handlers\FileHandler' driver.
INFO - 2026-06-10 06:42:00 --> Cart Class Initialized
DEBUG - 2026-06-10 06:42:04 --> Session: Class initialized using 'CodeIgniter\Session\Handlers\FileHandler' driver.
INFO - 2026-06-10 06:42:04 --> Cart Class Initialized
DEBUG - 2026-06-10 06:51:23 --> Session: Class initialized using 'CodeIgniter\Session\Handlers\FileHandler' driver.
INFO - 2026-06-10 06:51:23 --> Cart Class Initialized
DEBUG - 2026-06-10 06:51:25 --> Session: Class initialized using 'CodeIgniter\Session\Handlers\FileHandler' driver.
INFO - 2026-06-10 06:51:25 --> Cart Class Initialized
DEBUG - 2026-06-10 06:51:28 --> Session: Class initialized using 'CodeIgniter\Session\Handlers\FileHandler' driver.
INFO - 2026-06-10 06:51:28 --> Cart Class Initialized
DEBUG - 2026-06-10 06:54:09 --> Session: Class initialized using 'CodeIgniter\Session\Handlers\FileHandler' driver.
INFO - 2026-06-10 06:54:09 --> Cart Class Initialized
DEBUG - 2026-06-10 06:54:21 --> Session: Class initialized using 'CodeIgniter\Session\Handlers\FileHandler' driver.
INFO - 2026-06-10 06:54:21 --> Cart Class Initialized
DEBUG - 2026-06-10 07:32:55 --> Session: Class initialized using 'CodeIgniter\Session\Handlers\FileHandler' driver.
DEBUG - 2026-06-10 07:32:56 --> Session: Class initialized using 'CodeIgniter\Session\Handlers\FileHandler' driver.
DEBUG - 2026-06-10 07:33:16 --> Session: Class initialized using 'CodeIgniter\Session\Handlers\FileHandler' driver.
DEBUG - 2026-06-10 07:33:16 --> Session: Class initialized using 'CodeIgniter\Session\Handlers\FileHandler' driver.
DEBUG - 2026-06-10 07:33:21 --> Session: Class initialized using 'CodeIgniter\Session\Handlers\FileHandler' driver.
ERROR - 2026-06-10 07:33:31 --> Error connecting to the database: mysqli_sql_exception: No connection could be made because the target machine actively refused it in D:\Kuliah\Semester 4\Pemrograman Web Lanjut\belajar-ci\vendor\codeigniter4\framework\system\Database\MySQLi\Connection.php:201
Stack trace:
#0 D:\Kuliah\Semester 4\Pemrograman Web Lanjut\belajar-ci\vendor\codeigniter4\framework\system\Database\MySQLi\Connection.php(201): mysqli->real_connect('localhost', 'root', Object(SensitiveParameterValue), 'db_ci4', 3306, '', 0)
#1 D:\Kuliah\Semester 4\Pemrograman Web Lanjut\belajar-ci\vendor\codeigniter4\framework\system\Database\BaseConnection.php(555): CodeIgniter\Database\MySQLi\Connection->connect(false)
#2 D:\Kuliah\Semester 4\Pemrograman Web Lanjut\belajar-ci\vendor\codeigniter4\framework\system\Database\BaseConnection.php(795): CodeIgniter\Database\BaseConnection->initialize()
#3 D:\Kuliah\Semester 4\Pemrograman Web Lanjut\belajar-ci\vendor\codeigniter4\framework\system\Database\BaseBuilder.php(1649): CodeIgniter\Database\BaseConnection->query('SELECT *\nFROM `...', Array, false)
#4 D:\Kuliah\Semester 4\Pemrograman Web Lanjut\belajar-ci\vendor\codeigniter4\framework\system\Model.php(295): CodeIgniter\Database\BaseBuilder->get()
#5 D:\Kuliah\Semester 4\Pemrograman Web Lanjut\belajar-ci\vendor\codeigniter4\framework\system\BaseModel.php(714): CodeIgniter\Model->doFirst()
#6 D:\Kuliah\Semester 4\Pemrograman Web Lanjut\belajar-ci\app\Controllers\AuthController.php(32): CodeIgniter\BaseModel->first()
#7 D:\Kuliah\Semester 4\Pemrograman Web Lanjut\belajar-ci\vendor\codeigniter4\framework\system\CodeIgniter.php(951): App\Controllers\AuthController->login()
#8 D:\Kuliah\Semester 4\Pemrograman Web Lanjut\belajar-ci\vendor\codeigniter4\framework\system\CodeIgniter.php(497): CodeIgniter\CodeIgniter->runController(Object(App\Controllers\AuthController))
#9 D:\Kuliah\Semester 4\Pemrograman Web Lanjut\belajar-ci\vendor\codeigniter4\framework\system\CodeIgniter.php(340): CodeIgniter\CodeIgniter->handleRequest(NULL, Object(Config\Cache), false)
#10 D:\Kuliah\Semester 4\Pemrograman Web Lanjut\belajar-ci\vendor\codeigniter4\framework\system\Boot.php(417): CodeIgniter\CodeIgniter->run()
#11 D:\Kuliah\Semester 4\Pemrograman Web Lanjut\belajar-ci\vendor\codeigniter4\framework\system\Boot.php(68): CodeIgniter\Boot::runCodeIgniter(Object(CodeIgniter\CodeIgniter))
#12 D:\Kuliah\Semester 4\Pemrograman Web Lanjut\belajar-ci\public\index.php(59): CodeIgniter\Boot::bootWeb(Object(Config\Paths))
#13 D:\Kuliah\Semester 4\Pemrograman Web Lanjut\belajar-ci\vendor\codeigniter4\framework\system\rewrite.php(44): require_once('D:\\Kuliah\\Semes...')
#14 {main}

Next CodeIgniter\Database\Exceptions\DatabaseException: No connection could be made because the target machine actively refused it in D:\Kuliah\Semester 4\Pemrograman Web Lanjut\belajar-ci\vendor\codeigniter4\framework\system\Database\MySQLi\Connection.php:231
Stack trace:
#0 D:\Kuliah\Semester 4\Pemrograman Web Lanjut\belajar-ci\vendor\codeigniter4\framework\system\Database\BaseConnection.php(555): CodeIgniter\Database\MySQLi\Connection->connect(false)
#1 D:\Kuliah\Semester 4\Pemrograman Web Lanjut\belajar-ci\vendor\codeigniter4\framework\system\Database\BaseConnection.php(795): CodeIgniter\Database\BaseConnection->initialize()
#2 D:\Kuliah\Semester 4\Pemrograman Web Lanjut\belajar-ci\vendor\codeigniter4\framework\system\Database\BaseBuilder.php(1649): CodeIgniter\Database\BaseConnection->query('SELECT *\nFROM `...', Array, false)
#3 D:\Kuliah\Semester 4\Pemrograman Web Lanjut\belajar-ci\vendor\codeigniter4\framework\system\Model.php(295): CodeIgniter\Database\BaseBuilder->get()
#4 D:\Kuliah\Semester 4\Pemrograman Web Lanjut\belajar-ci\vendor\codeigniter4\framework\system\BaseModel.php(714): CodeIgniter\Model->doFirst()
#5 D:\Kuliah\Semester 4\Pemrograman Web Lanjut\belajar-ci\app\Controllers\AuthController.php(32): CodeIgniter\BaseModel->first()
#6 D:\Kuliah\Semester 4\Pemrograman Web Lanjut\belajar-ci\vendor\codeigniter4\framework\system\CodeIgniter.php(951): App\Controllers\AuthController->login()
#7 D:\Kuliah\Semester 4\Pemrograman Web Lanjut\belajar-ci\vendor\codeigniter4\framework\system\CodeIgniter.php(497): CodeIgniter\CodeIgniter->runController(Object(App\Controllers\AuthController))
#8 D:\Kuliah\Semester 4\Pemrograman Web Lanjut\belajar-ci\vendor\codeigniter4\framework\system\CodeIgniter.php(340): CodeIgniter\CodeIgniter->handleRequest(NULL, Object(Config\Cache), false)
#9 D:\Kuliah\Semester 4\Pemrograman Web Lanjut\belajar-ci\vendor\codeigniter4\framework\system\Boot.php(417): CodeIgniter\CodeIgniter->run()
#10 D:\Kuliah\Semester 4\Pemrograman Web Lanjut\belajar-ci\vendor\codeigniter4\framework\system\Boot.php(68): CodeIgniter\Boot::runCodeIgniter(Object(CodeIgniter\CodeIgniter))
#11 D:\Kuliah\Semester 4\Pemrograman Web Lanjut\belajar-ci\public\index.php(59): CodeIgniter\Boot::bootWeb(Object(Config\Paths))
#12 D:\Kuliah\Semester 4\Pemrograman Web Lanjut\belajar-ci\vendor\codeigniter4\framework\system\rewrite.php(44): require_once('D:\\Kuliah\\Semes...')
#13 {main}
CRITICAL - 2026-06-10 07:33:31 --> CodeIgniter\Database\Exceptions\DatabaseException: Unable to connect to the database.
Main connection [MySQLi]: No connection could be made because the target machine actively refused it
[Method: POST, Route: login]
in SYSTEMPATH\Database\BaseConnection.php on line 606.
 1 SYSTEMPATH\Database\BaseConnection.php(795): CodeIgniter\Database\BaseConnection->initialize()
 2 SYSTEMPATH\Database\BaseBuilder.php(1649): CodeIgniter\Database\BaseConnection->query('SELECT *
FROM `user`
WHERE `username` = :username:
AND `user`.`deleted_at` IS NULL
 LIMIT 1', [...], false)
 3 SYSTEMPATH\Model.php(295): CodeIgniter\Database\BaseBuilder->get()
 4 SYSTEMPATH\BaseModel.php(714): CodeIgniter\Model->doFirst()
 5 APPPATH\Controllers\AuthController.php(32): CodeIgniter\BaseModel->first()
 6 SYSTEMPATH\CodeIgniter.php(951): App\Controllers\AuthController->login()
 7 SYSTEMPATH\CodeIgniter.php(497): CodeIgniter\CodeIgniter->runController(Object(App\Controllers\AuthController))
 8 SYSTEMPATH\CodeIgniter.php(340): CodeIgniter\CodeIgniter->handleRequest(null, Object(Config\Cache), false)
 9 SYSTEMPATH\Boot.php(417): CodeIgniter\CodeIgniter->run()
10 SYSTEMPATH\Boot.php(68): CodeIgniter\Boot::runCodeIgniter(Object(CodeIgniter\CodeIgniter))
11 FCPATH\index.php(59): CodeIgniter\Boot::bootWeb(Object(Config\Paths))
12 SYSTEMPATH\rewrite.php(44): require_once('D:\\Kuliah\\Semester 4\\Pemrograman Web Lanjut\\belajar-ci\\public\\index.php')
DEBUG - 2026-06-10 07:33:36 --> Session: Class initialized using 'CodeIgniter\Session\Handlers\FileHandler' driver.
ERROR - 2026-06-10 07:33:44 --> Error connecting to the database: mysqli_sql_exception: No connection could be made because the target machine actively refused it in D:\Kuliah\Semester 4\Pemrograman Web Lanjut\belajar-ci\vendor\codeigniter4\framework\system\Database\MySQLi\Connection.php:201
Stack trace:
#0 D:\Kuliah\Semester 4\Pemrograman Web Lanjut\belajar-ci\vendor\codeigniter4\framework\system\Database\MySQLi\Connection.php(201): mysqli->real_connect('localhost', 'root', Object(SensitiveParameterValue), 'db_ci4', 3306, '', 0)
#1 D:\Kuliah\Semester 4\Pemrograman Web Lanjut\belajar-ci\vendor\codeigniter4\framework\system\Database\BaseConnection.php(555): CodeIgniter\Database\MySQLi\Connection->connect(false)
#2 D:\Kuliah\Semester 4\Pemrograman Web Lanjut\belajar-ci\vendor\codeigniter4\framework\system\Database\BaseConnection.php(795): CodeIgniter\Database\BaseConnection->initialize()
#3 D:\Kuliah\Semester 4\Pemrograman Web Lanjut\belajar-ci\vendor\codeigniter4\framework\system\Database\BaseBuilder.php(1649): CodeIgniter\Database\BaseConnection->query('SELECT *\nFROM `...', Array, false)
#4 D:\Kuliah\Semester 4\Pemrograman Web Lanjut\belajar-ci\vendor\codeigniter4\framework\system\Model.php(295): CodeIgniter\Database\BaseBuilder->get()
#5 D:\Kuliah\Semester 4\Pemrograman Web Lanjut\belajar-ci\vendor\codeigniter4\framework\system\BaseModel.php(714): CodeIgniter\Model->doFirst()
#6 D:\Kuliah\Semester 4\Pemrograman Web Lanjut\belajar-ci\app\Controllers\AuthController.php(32): CodeIgniter\BaseModel->first()
#7 D:\Kuliah\Semester 4\Pemrograman Web Lanjut\belajar-ci\vendor\codeigniter4\framework\system\CodeIgniter.php(951): App\Controllers\AuthController->login()
#8 D:\Kuliah\Semester 4\Pemrograman Web Lanjut\belajar-ci\vendor\codeigniter4\framework\system\CodeIgniter.php(497): CodeIgniter\CodeIgniter->runController(Object(App\Controllers\AuthController))
#9 D:\Kuliah\Semester 4\Pemrograman Web Lanjut\belajar-ci\vendor\codeigniter4\framework\system\CodeIgniter.php(340): CodeIgniter\CodeIgniter->handleRequest(NULL, Object(Config\Cache), false)
#10 D:\Kuliah\Semester 4\Pemrograman Web Lanjut\belajar-ci\vendor\codeigniter4\framework\system\Boot.php(417): CodeIgniter\CodeIgniter->run()
#11 D:\Kuliah\Semester 4\Pemrograman Web Lanjut\belajar-ci\vendor\codeigniter4\framework\system\Boot.php(68): CodeIgniter\Boot::runCodeIgniter(Object(CodeIgniter\CodeIgniter))
#12 D:\Kuliah\Semester 4\Pemrograman Web Lanjut\belajar-ci\public\index.php(59): CodeIgniter\Boot::bootWeb(Object(Config\Paths))
#13 D:\Kuliah\Semester 4\Pemrograman Web Lanjut\belajar-ci\vendor\codeigniter4\framework\system\rewrite.php(44): require_once('D:\\Kuliah\\Semes...')
#14 {main}

Next CodeIgniter\Database\Exceptions\DatabaseException: No connection could be made because the target machine actively refused it in D:\Kuliah\Semester 4\Pemrograman Web Lanjut\belajar-ci\vendor\codeigniter4\framework\system\Database\MySQLi\Connection.php:231
Stack trace:
#0 D:\Kuliah\Semester 4\Pemrograman Web Lanjut\belajar-ci\vendor\codeigniter4\framework\system\Database\BaseConnection.php(555): CodeIgniter\Database\MySQLi\Connection->connect(false)
#1 D:\Kuliah\Semester 4\Pemrograman Web Lanjut\belajar-ci\vendor\codeigniter4\framework\system\Database\BaseConnection.php(795): CodeIgniter\Database\BaseConnection->initialize()
#2 D:\Kuliah\Semester 4\Pemrograman Web Lanjut\belajar-ci\vendor\codeigniter4\framework\system\Database\BaseBuilder.php(1649): CodeIgniter\Database\BaseConnection->query('SELECT *\nFROM `...', Array, false)
#3 D:\Kuliah\Semester 4\Pemrograman Web Lanjut\belajar-ci\vendor\codeigniter4\framework\system\Model.php(295): CodeIgniter\Database\BaseBuilder->get()
#4 D:\Kuliah\Semester 4\Pemrograman Web Lanjut\belajar-ci\vendor\codeigniter4\framework\system\BaseModel.php(714): CodeIgniter\Model->doFirst()
#5 D:\Kuliah\Semester 4\Pemrograman Web Lanjut\belajar-ci\app\Controllers\AuthController.php(32): CodeIgniter\BaseModel->first()
#6 D:\Kuliah\Semester 4\Pemrograman Web Lanjut\belajar-ci\vendor\codeigniter4\framework\system\CodeIgniter.php(951): App\Controllers\AuthController->login()
#7 D:\Kuliah\Semester 4\Pemrograman Web Lanjut\belajar-ci\vendor\codeigniter4\framework\system\CodeIgniter.php(497): CodeIgniter\CodeIgniter->runController(Object(App\Controllers\AuthController))
#8 D:\Kuliah\Semester 4\Pemrograman Web Lanjut\belajar-ci\vendor\codeigniter4\framework\system\CodeIgniter.php(340): CodeIgniter\CodeIgniter->handleRequest(NULL, Object(Config\Cache), false)
#9 D:\Kuliah\Semester 4\Pemrograman Web Lanjut\belajar-ci\vendor\codeigniter4\framework\system\Boot.php(417): CodeIgniter\CodeIgniter->run()
#10 D:\Kuliah\Semester 4\Pemrograman Web Lanjut\belajar-ci\vendor\codeigniter4\framework\system\Boot.php(68): CodeIgniter\Boot::runCodeIgniter(Object(CodeIgniter\CodeIgniter))
#11 D:\Kuliah\Semester 4\Pemrograman Web Lanjut\belajar-ci\public\index.php(59): CodeIgniter\Boot::bootWeb(Object(Config\Paths))
#12 D:\Kuliah\Semester 4\Pemrograman Web Lanjut\belajar-ci\vendor\codeigniter4\framework\system\rewrite.php(44): require_once('D:\\Kuliah\\Semes...')
#13 {main}
CRITICAL - 2026-06-10 07:33:44 --> CodeIgniter\Database\Exceptions\DatabaseException: Unable to connect to the database.
Main connection [MySQLi]: No connection could be made because the target machine actively refused it
[Method: POST, Route: login]
in SYSTEMPATH\Database\BaseConnection.php on line 606.
 1 SYSTEMPATH\Database\BaseConnection.php(795): CodeIgniter\Database\BaseConnection->initialize()
 2 SYSTEMPATH\Database\BaseBuilder.php(1649): CodeIgniter\Database\BaseConnection->query('SELECT *
FROM `user`
WHERE `username` = :username:
AND `user`.`deleted_at` IS NULL
 LIMIT 1', [...], false)
 3 SYSTEMPATH\Model.php(295): CodeIgniter\Database\BaseBuilder->get()
 4 SYSTEMPATH\BaseModel.php(714): CodeIgniter\Model->doFirst()
 5 APPPATH\Controllers\AuthController.php(32): CodeIgniter\BaseModel->first()
 6 SYSTEMPATH\CodeIgniter.php(951): App\Controllers\AuthController->login()
 7 SYSTEMPATH\CodeIgniter.php(497): CodeIgniter\CodeIgniter->runController(Object(App\Controllers\AuthController))
 8 SYSTEMPATH\CodeIgniter.php(340): CodeIgniter\CodeIgniter->handleRequest(null, Object(Config\Cache), false)
 9 SYSTEMPATH\Boot.php(417): CodeIgniter\CodeIgniter->run()
10 SYSTEMPATH\Boot.php(68): CodeIgniter\Boot::runCodeIgniter(Object(CodeIgniter\CodeIgniter))
11 FCPATH\index.php(59): CodeIgniter\Boot::bootWeb(Object(Config\Paths))
12 SYSTEMPATH\rewrite.php(44): require_once('D:\\Kuliah\\Semester 4\\Pemrograman Web Lanjut\\belajar-ci\\public\\index.php')
DEBUG - 2026-06-10 07:34:01 --> Session: Class initialized using 'CodeIgniter\Session\Handlers\FileHandler' driver.
DEBUG - 2026-06-10 07:34:01 --> Session: Class initialized using 'CodeIgniter\Session\Handlers\FileHandler' driver.
ERROR - 2026-06-10 07:34:13 --> Error connecting to the database: mysqli_sql_exception: No connection could be made because the target machine actively refused it in D:\Kuliah\Semester 4\Pemrograman Web Lanjut\belajar-ci\vendor\codeigniter4\framework\system\Database\MySQLi\Connection.php:201
Stack trace:
#0 D:\Kuliah\Semester 4\Pemrograman Web Lanjut\belajar-ci\vendor\codeigniter4\framework\system\Database\MySQLi\Connection.php(201): mysqli->real_connect('localhost', 'root', Object(SensitiveParameterValue), 'db_ci4', 3306, '', 0)
#1 D:\Kuliah\Semester 4\Pemrograman Web Lanjut\belajar-ci\vendor\codeigniter4\framework\system\Database\BaseConnection.php(555): CodeIgniter\Database\MySQLi\Connection->connect(false)
#2 D:\Kuliah\Semester 4\Pemrograman Web Lanjut\belajar-ci\vendor\codeigniter4\framework\system\Database\BaseConnection.php(795): CodeIgniter\Database\BaseConnection->initialize()
#3 D:\Kuliah\Semester 4\Pemrograman Web Lanjut\belajar-ci\vendor\codeigniter4\framework\system\Database\BaseBuilder.php(1649): CodeIgniter\Database\BaseConnection->query('SELECT *\nFROM `...', Array, false)
#4 D:\Kuliah\Semester 4\Pemrograman Web Lanjut\belajar-ci\vendor\codeigniter4\framework\system\Model.php(295): CodeIgniter\Database\BaseBuilder->get()
#5 D:\Kuliah\Semester 4\Pemrograman Web Lanjut\belajar-ci\vendor\codeigniter4\framework\system\BaseModel.php(714): CodeIgniter\Model->doFirst()
#6 D:\Kuliah\Semester 4\Pemrograman Web Lanjut\belajar-ci\app\Controllers\AuthController.php(32): CodeIgniter\BaseModel->first()
#7 D:\Kuliah\Semester 4\Pemrograman Web Lanjut\belajar-ci\vendor\codeigniter4\framework\system\CodeIgniter.php(951): App\Controllers\AuthController->login()
#8 D:\Kuliah\Semester 4\Pemrograman Web Lanjut\belajar-ci\vendor\codeigniter4\framework\system\CodeIgniter.php(497): CodeIgniter\CodeIgniter->runController(Object(App\Controllers\AuthController))
#9 D:\Kuliah\Semester 4\Pemrograman Web Lanjut\belajar-ci\vendor\codeigniter4\framework\system\CodeIgniter.php(340): CodeIgniter\CodeIgniter->handleRequest(NULL, Object(Config\Cache), false)
#10 D:\Kuliah\Semester 4\Pemrograman Web Lanjut\belajar-ci\vendor\codeigniter4\framework\system\Boot.php(417): CodeIgniter\CodeIgniter->run()
#11 D:\Kuliah\Semester 4\Pemrograman Web Lanjut\belajar-ci\vendor\codeigniter4\framework\system\Boot.php(68): CodeIgniter\Boot::runCodeIgniter(Object(CodeIgniter\CodeIgniter))
#12 D:\Kuliah\Semester 4\Pemrograman Web Lanjut\belajar-ci\public\index.php(59): CodeIgniter\Boot::bootWeb(Object(Config\Paths))
#13 D:\Kuliah\Semester 4\Pemrograman Web Lanjut\belajar-ci\vendor\codeigniter4\framework\system\rewrite.php(44): require_once('D:\\Kuliah\\Semes...')
#14 {main}

Next CodeIgniter\Database\Exceptions\DatabaseException: No connection could be made because the target machine actively refused it in D:\Kuliah\Semester 4\Pemrograman Web Lanjut\belajar-ci\vendor\codeigniter4\framework\system\Database\MySQLi\Connection.php:231
Stack trace:
#0 D:\Kuliah\Semester 4\Pemrograman Web Lanjut\belajar-ci\vendor\codeigniter4\framework\system\Database\BaseConnection.php(555): CodeIgniter\Database\MySQLi\Connection->connect(false)
#1 D:\Kuliah\Semester 4\Pemrograman Web Lanjut\belajar-ci\vendor\codeigniter4\framework\system\Database\BaseConnection.php(795): CodeIgniter\Database\BaseConnection->initialize()
#2 D:\Kuliah\Semester 4\Pemrograman Web Lanjut\belajar-ci\vendor\codeigniter4\framework\system\Database\BaseBuilder.php(1649): CodeIgniter\Database\BaseConnection->query('SELECT *\nFROM `...', Array, false)
#3 D:\Kuliah\Semester 4\Pemrograman Web Lanjut\belajar-ci\vendor\codeigniter4\framework\system\Model.php(295): CodeIgniter\Database\BaseBuilder->get()
#4 D:\Kuliah\Semester 4\Pemrograman Web Lanjut\belajar-ci\vendor\codeigniter4\framework\system\BaseModel.php(714): CodeIgniter\Model->doFirst()
#5 D:\Kuliah\Semester 4\Pemrograman Web Lanjut\belajar-ci\app\Controllers\AuthController.php(32): CodeIgniter\BaseModel->first()
#6 D:\Kuliah\Semester 4\Pemrograman Web Lanjut\belajar-ci\vendor\codeigniter4\framework\system\CodeIgniter.php(951): App\Controllers\AuthController->login()
#7 D:\Kuliah\Semester 4\Pemrograman Web Lanjut\belajar-ci\vendor\codeigniter4\framework\system\CodeIgniter.php(497): CodeIgniter\CodeIgniter->runController(Object(App\Controllers\AuthController))
#8 D:\Kuliah\Semester 4\Pemrograman Web Lanjut\belajar-ci\vendor\codeigniter4\framework\system\CodeIgniter.php(340): CodeIgniter\CodeIgniter->handleRequest(NULL, Object(Config\Cache), false)
#9 D:\Kuliah\Semester 4\Pemrograman Web Lanjut\belajar-ci\vendor\codeigniter4\framework\system\Boot.php(417): CodeIgniter\CodeIgniter->run()
#10 D:\Kuliah\Semester 4\Pemrograman Web Lanjut\belajar-ci\vendor\codeigniter4\framework\system\Boot.php(68): CodeIgniter\Boot::runCodeIgniter(Object(CodeIgniter\CodeIgniter))
#11 D:\Kuliah\Semester 4\Pemrograman Web Lanjut\belajar-ci\public\index.php(59): CodeIgniter\Boot::bootWeb(Object(Config\Paths))
#12 D:\Kuliah\Semester 4\Pemrograman Web Lanjut\belajar-ci\vendor\codeigniter4\framework\system\rewrite.php(44): require_once('D:\\Kuliah\\Semes...')
#13 {main}
CRITICAL - 2026-06-10 07:34:13 --> CodeIgniter\Database\Exceptions\DatabaseException: Unable to connect to the database.
Main connection [MySQLi]: No connection could be made because the target machine actively refused it
[Method: POST, Route: login]
in SYSTEMPATH\Database\BaseConnection.php on line 606.
 1 SYSTEMPATH\Database\BaseConnection.php(795): CodeIgniter\Database\BaseConnection->initialize()
 2 SYSTEMPATH\Database\BaseBuilder.php(1649): CodeIgniter\Database\BaseConnection->query('SELECT *
FROM `user`
WHERE `username` = :username:
AND `user`.`deleted_at` IS NULL
 LIMIT 1', [...], false)
 3 SYSTEMPATH\Model.php(295): CodeIgniter\Database\BaseBuilder->get()
 4 SYSTEMPATH\BaseModel.php(714): CodeIgniter\Model->doFirst()
 5 APPPATH\Controllers\AuthController.php(32): CodeIgniter\BaseModel->first()
 6 SYSTEMPATH\CodeIgniter.php(951): App\Controllers\AuthController->login()
 7 SYSTEMPATH\CodeIgniter.php(497): CodeIgniter\CodeIgniter->runController(Object(App\Controllers\AuthController))
 8 SYSTEMPATH\CodeIgniter.php(340): CodeIgniter\CodeIgniter->handleRequest(null, Object(Config\Cache), false)
 9 SYSTEMPATH\Boot.php(417): CodeIgniter\CodeIgniter->run()
10 SYSTEMPATH\Boot.php(68): CodeIgniter\Boot::runCodeIgniter(Object(CodeIgniter\CodeIgniter))
11 FCPATH\index.php(59): CodeIgniter\Boot::bootWeb(Object(Config\Paths))
12 SYSTEMPATH\rewrite.php(44): require_once('D:\\Kuliah\\Semester 4\\Pemrograman Web Lanjut\\belajar-ci\\public\\index.php')
DEBUG - 2026-06-10 07:34:28 --> Session: Class initialized using 'CodeIgniter\Session\Handlers\FileHandler' driver.
ERROR - 2026-06-10 07:34:36 --> Error connecting to the database: mysqli_sql_exception: No connection could be made because the target machine actively refused it in D:\Kuliah\Semester 4\Pemrograman Web Lanjut\belajar-ci\vendor\codeigniter4\framework\system\Database\MySQLi\Connection.php:201
Stack trace:
#0 D:\Kuliah\Semester 4\Pemrograman Web Lanjut\belajar-ci\vendor\codeigniter4\framework\system\Database\MySQLi\Connection.php(201): mysqli->real_connect('localhost', 'root', Object(SensitiveParameterValue), 'db_ci4', 3306, '', 0)
#1 D:\Kuliah\Semester 4\Pemrograman Web Lanjut\belajar-ci\vendor\codeigniter4\framework\system\Database\BaseConnection.php(555): CodeIgniter\Database\MySQLi\Connection->connect(false)
#2 D:\Kuliah\Semester 4\Pemrograman Web Lanjut\belajar-ci\vendor\codeigniter4\framework\system\Database\BaseConnection.php(795): CodeIgniter\Database\BaseConnection->initialize()
#3 D:\Kuliah\Semester 4\Pemrograman Web Lanjut\belajar-ci\vendor\codeigniter4\framework\system\Database\BaseBuilder.php(1649): CodeIgniter\Database\BaseConnection->query('SELECT *\nFROM `...', Array, false)
#4 D:\Kuliah\Semester 4\Pemrograman Web Lanjut\belajar-ci\vendor\codeigniter4\framework\system\Model.php(295): CodeIgniter\Database\BaseBuilder->get()
#5 D:\Kuliah\Semester 4\Pemrograman Web Lanjut\belajar-ci\vendor\codeigniter4\framework\system\BaseModel.php(714): CodeIgniter\Model->doFirst()
#6 D:\Kuliah\Semester 4\Pemrograman Web Lanjut\belajar-ci\app\Controllers\AuthController.php(32): CodeIgniter\BaseModel->first()
#7 D:\Kuliah\Semester 4\Pemrograman Web Lanjut\belajar-ci\vendor\codeigniter4\framework\system\CodeIgniter.php(951): App\Controllers\AuthController->login()
#8 D:\Kuliah\Semester 4\Pemrograman Web Lanjut\belajar-ci\vendor\codeigniter4\framework\system\CodeIgniter.php(497): CodeIgniter\CodeIgniter->runController(Object(App\Controllers\AuthController))
#9 D:\Kuliah\Semester 4\Pemrograman Web Lanjut\belajar-ci\vendor\codeigniter4\framework\system\CodeIgniter.php(340): CodeIgniter\CodeIgniter->handleRequest(NULL, Object(Config\Cache), false)
#10 D:\Kuliah\Semester 4\Pemrograman Web Lanjut\belajar-ci\vendor\codeigniter4\framework\system\Boot.php(417): CodeIgniter\CodeIgniter->run()
#11 D:\Kuliah\Semester 4\Pemrograman Web Lanjut\belajar-ci\vendor\codeigniter4\framework\system\Boot.php(68): CodeIgniter\Boot::runCodeIgniter(Object(CodeIgniter\CodeIgniter))
#12 D:\Kuliah\Semester 4\Pemrograman Web Lanjut\belajar-ci\public\index.php(59): CodeIgniter\Boot::bootWeb(Object(Config\Paths))
#13 D:\Kuliah\Semester 4\Pemrograman Web Lanjut\belajar-ci\vendor\codeigniter4\framework\system\rewrite.php(44): require_once('D:\\Kuliah\\Semes...')
#14 {main}

Next CodeIgniter\Database\Exceptions\DatabaseException: No connection could be made because the target machine actively refused it in D:\Kuliah\Semester 4\Pemrograman Web Lanjut\belajar-ci\vendor\codeigniter4\framework\system\Database\MySQLi\Connection.php:231
Stack trace:
#0 D:\Kuliah\Semester 4\Pemrograman Web Lanjut\belajar-ci\vendor\codeigniter4\framework\system\Database\BaseConnection.php(555): CodeIgniter\Database\MySQLi\Connection->connect(false)
#1 D:\Kuliah\Semester 4\Pemrograman Web Lanjut\belajar-ci\vendor\codeigniter4\framework\system\Database\BaseConnection.php(795): CodeIgniter\Database\BaseConnection->initialize()
#2 D:\Kuliah\Semester 4\Pemrograman Web Lanjut\belajar-ci\vendor\codeigniter4\framework\system\Database\BaseBuilder.php(1649): CodeIgniter\Database\BaseConnection->query('SELECT *\nFROM `...', Array, false)
#3 D:\Kuliah\Semester 4\Pemrograman Web Lanjut\belajar-ci\vendor\codeigniter4\framework\system\Model.php(295): CodeIgniter\Database\BaseBuilder->get()
#4 D:\Kuliah\Semester 4\Pemrograman Web Lanjut\belajar-ci\vendor\codeigniter4\framework\system\BaseModel.php(714): CodeIgniter\Model->doFirst()
#5 D:\Kuliah\Semester 4\Pemrograman Web Lanjut\belajar-ci\app\Controllers\AuthController.php(32): CodeIgniter\BaseModel->first()
#6 D:\Kuliah\Semester 4\Pemrograman Web Lanjut\belajar-ci\vendor\codeigniter4\framework\system\CodeIgniter.php(951): App\Controllers\AuthController->login()
#7 D:\Kuliah\Semester 4\Pemrograman Web Lanjut\belajar-ci\vendor\codeigniter4\framework\system\CodeIgniter.php(497): CodeIgniter\CodeIgniter->runController(Object(App\Controllers\AuthController))
#8 D:\Kuliah\Semester 4\Pemrograman Web Lanjut\belajar-ci\vendor\codeigniter4\framework\system\CodeIgniter.php(340): CodeIgniter\CodeIgniter->handleRequest(NULL, Object(Config\Cache), false)
#9 D:\Kuliah\Semester 4\Pemrograman Web Lanjut\belajar-ci\vendor\codeigniter4\framework\system\Boot.php(417): CodeIgniter\CodeIgniter->run()
#10 D:\Kuliah\Semester 4\Pemrograman Web Lanjut\belajar-ci\vendor\codeigniter4\framework\system\Boot.php(68): CodeIgniter\Boot::runCodeIgniter(Object(CodeIgniter\CodeIgniter))
#11 D:\Kuliah\Semester 4\Pemrograman Web Lanjut\belajar-ci\public\index.php(59): CodeIgniter\Boot::bootWeb(Object(Config\Paths))
#12 D:\Kuliah\Semester 4\Pemrograman Web Lanjut\belajar-ci\vendor\codeigniter4\framework\system\rewrite.php(44): require_once('D:\\Kuliah\\Semes...')
#13 {main}
CRITICAL - 2026-06-10 07:34:36 --> CodeIgniter\Database\Exceptions\DatabaseException: Unable to connect to the database.
Main connection [MySQLi]: No connection could be made because the target machine actively refused it
[Method: POST, Route: login]
in SYSTEMPATH\Database\BaseConnection.php on line 606.
 1 SYSTEMPATH\Database\BaseConnection.php(795): CodeIgniter\Database\BaseConnection->initialize()
 2 SYSTEMPATH\Database\BaseBuilder.php(1649): CodeIgniter\Database\BaseConnection->query('SELECT *
FROM `user`
WHERE `username` = :username:
AND `user`.`deleted_at` IS NULL
 LIMIT 1', [...], false)
 3 SYSTEMPATH\Model.php(295): CodeIgniter\Database\BaseBuilder->get()
 4 SYSTEMPATH\BaseModel.php(714): CodeIgniter\Model->doFirst()
 5 APPPATH\Controllers\AuthController.php(32): CodeIgniter\BaseModel->first()
 6 SYSTEMPATH\CodeIgniter.php(951): App\Controllers\AuthController->login()
 7 SYSTEMPATH\CodeIgniter.php(497): CodeIgniter\CodeIgniter->runController(Object(App\Controllers\AuthController))
 8 SYSTEMPATH\CodeIgniter.php(340): CodeIgniter\CodeIgniter->handleRequest(null, Object(Config\Cache), false)
 9 SYSTEMPATH\Boot.php(417): CodeIgniter\CodeIgniter->run()
10 SYSTEMPATH\Boot.php(68): CodeIgniter\Boot::runCodeIgniter(Object(CodeIgniter\CodeIgniter))
11 FCPATH\index.php(59): CodeIgniter\Boot::bootWeb(Object(Config\Paths))
12 SYSTEMPATH\rewrite.php(44): require_once('D:\\Kuliah\\Semester 4\\Pemrograman Web Lanjut\\belajar-ci\\public\\index.php')
DEBUG - 2026-06-10 07:35:00 --> Session: Class initialized using 'CodeIgniter\Session\Handlers\FileHandler' driver.
DEBUG - 2026-06-10 07:35:06 --> Session: Class initialized using 'CodeIgniter\Session\Handlers\FileHandler' driver.
DEBUG - 2026-06-10 07:35:07 --> Session: Class initialized using 'CodeIgniter\Session\Handlers\FileHandler' driver.
DEBUG - 2026-06-10 07:35:11 --> Session: Class initialized using 'CodeIgniter\Session\Handlers\FileHandler' driver.
INFO - 2026-06-10 07:35:11 --> Cart Class Initialized
DEBUG - 2026-06-10 07:35:11 --> Session: Class initialized using 'CodeIgniter\Session\Handlers\FileHandler' driver.
DEBUG - 2026-06-10 07:35:13 --> Session: Class initialized using 'CodeIgniter\Session\Handlers\FileHandler' driver.
INFO - 2026-06-10 07:35:13 --> Cart Class Initialized
DEBUG - 2026-06-10 07:35:15 --> Session: Class initialized using 'CodeIgniter\Session\Handlers\FileHandler' driver.
INFO - 2026-06-10 07:35:15 --> Cart Class Initialized
DEBUG - 2026-06-10 07:36:36 --> Session: Class initialized using 'CodeIgniter\Session\Handlers\FileHandler' driver.
INFO - 2026-06-10 07:36:36 --> Cart Class Initialized
DEBUG - 2026-06-10 07:54:47 --> Session: Class initialized using 'CodeIgniter\Session\Handlers\FileHandler' driver.
INFO - 2026-06-10 07:54:47 --> Cart Class Initialized
DEBUG - 2026-06-10 08:01:04 --> Session: Class initialized using 'CodeIgniter\Session\Handlers\FileHandler' driver.
INFO - 2026-06-10 08:01:04 --> Cart Class Initialized
DEBUG - 2026-06-10 08:02:28 --> Session: Class initialized using 'CodeIgniter\Session\Handlers\FileHandler' driver.
INFO - 2026-06-10 08:02:28 --> Cart Class Initialized
DEBUG - 2026-06-10 08:05:12 --> Session: Class initialized using 'CodeIgniter\Session\Handlers\FileHandler' driver.
INFO - 2026-06-10 08:05:12 --> Cart Class Initialized
DEBUG - 2026-06-10 08:07:37 --> Session: Class initialized using 'CodeIgniter\Session\Handlers\FileHandler' driver.
INFO - 2026-06-10 08:07:37 --> Cart Class Initialized
DEBUG - 2026-06-10 08:07:42 --> Session: Class initialized using 'CodeIgniter\Session\Handlers\FileHandler' driver.
INFO - 2026-06-10 08:07:42 --> Cart Class Initialized
DEBUG - 2026-06-10 08:07:46 --> Session: Class initialized using 'CodeIgniter\Session\Handlers\FileHandler' driver.
INFO - 2026-06-10 08:07:46 --> Cart Class Initialized
DEBUG - 2026-06-10 08:09:25 --> Session: Class initialized using 'CodeIgniter\Session\Handlers\FileHandler' driver.
INFO - 2026-06-10 08:09:25 --> Cart Class Initialized
DEBUG - 2026-06-10 08:10:26 --> Session: Class initialized using 'CodeIgniter\Session\Handlers\FileHandler' driver.
DEBUG - 2026-06-10 08:10:26 --> Session: Class initialized using 'CodeIgniter\Session\Handlers\FileHandler' driver.
DEBUG - 2026-06-10 08:10:40 --> Session: Class initialized using 'CodeIgniter\Session\Handlers\FileHandler' driver.
DEBUG - 2026-06-10 08:10:40 --> Session: Class initialized using 'CodeIgniter\Session\Handlers\FileHandler' driver.
DEBUG - 2026-06-10 08:10:42 --> Session: Class initialized using 'CodeIgniter\Session\Handlers\FileHandler' driver.
DEBUG - 2026-06-10 08:10:44 --> Session: Class initialized using 'CodeIgniter\Session\Handlers\FileHandler' driver.
INFO - 2026-06-10 08:10:44 --> Cart Class Initialized
DEBUG - 2026-06-10 08:10:46 --> Session: Class initialized using 'CodeIgniter\Session\Handlers\FileHandler' driver.
DEBUG - 2026-06-10 08:10:47 --> Session: Class initialized using 'CodeIgniter\Session\Handlers\FileHandler' driver.
DEBUG - 2026-06-10 08:10:48 --> Session: Class initialized using 'CodeIgniter\Session\Handlers\FileHandler' driver.
INFO - 2026-06-10 08:10:48 --> Cart Class Initialized
DEBUG - 2026-06-10 08:10:48 --> Session: Class initialized using 'CodeIgniter\Session\Handlers\FileHandler' driver.
DEBUG - 2026-06-10 08:10:49 --> Session: Class initialized using 'CodeIgniter\Session\Handlers\FileHandler' driver.
INFO - 2026-06-10 08:10:49 --> Cart Class Initialized
DEBUG - 2026-06-10 08:10:50 --> Session: Class initialized using 'CodeIgniter\Session\Handlers\FileHandler' driver.
DEBUG - 2026-06-10 08:10:50 --> Session: Class initialized using 'CodeIgniter\Session\Handlers\FileHandler' driver.
INFO - 2026-06-10 08:10:50 --> Cart Class Initialized
DEBUG - 2026-06-10 08:10:52 --> Session: Class initialized using 'CodeIgniter\Session\Handlers\FileHandler' driver.
INFO - 2026-06-10 08:10:52 --> Cart Class Initialized
DEBUG - 2026-06-10 08:12:39 --> Session: Class initialized using 'CodeIgniter\Session\Handlers\FileHandler' driver.
INFO - 2026-06-10 08:12:39 --> Cart Class Initialized
DEBUG - 2026-06-10 08:12:48 --> Session: Class initialized using 'CodeIgniter\Session\Handlers\FileHandler' driver.
INFO - 2026-06-10 08:12:48 --> Cart Class Initialized
DEBUG - 2026-06-10 08:15:00 --> Session: Class initialized using 'CodeIgniter\Session\Handlers\FileHandler' driver.
INFO - 2026-06-10 08:15:00 --> Cart Class Initialized
DEBUG - 2026-06-10 08:15:10 --> Session: Class initialized using 'CodeIgniter\Session\Handlers\FileHandler' driver.
INFO - 2026-06-10 08:15:11 --> Cart Class Initialized
DEBUG - 2026-06-10 08:15:22 --> Session: Class initialized using 'CodeIgniter\Session\Handlers\FileHandler' driver.
INFO - 2026-06-10 08:15:22 --> Cart Class Initialized
DEBUG - 2026-06-10 08:15:40 --> Session: Class initialized using 'CodeIgniter\Session\Handlers\FileHandler' driver.
INFO - 2026-06-10 08:15:40 --> Cart Class Initialized
DEBUG - 2026-06-10 08:34:03 --> Session: Class initialized using 'CodeIgniter\Session\Handlers\FileHandler' driver.
INFO - 2026-06-10 08:34:03 --> Cart Class Initialized
DEBUG - 2026-06-10 08:34:07 --> Session: Class initialized using 'CodeIgniter\Session\Handlers\FileHandler' driver.
INFO - 2026-06-10 08:34:07 --> Cart Class Initialized
DEBUG - 2026-06-10 08:34:11 --> Session: Class initialized using 'CodeIgniter\Session\Handlers\FileHandler' driver.
INFO - 2026-06-10 08:34:11 --> Cart Class Initialized
DEBUG - 2026-06-10 08:34:41 --> Session: Class initialized using 'CodeIgniter\Session\Handlers\FileHandler' driver.
INFO - 2026-06-10 08:34:41 --> Cart Class Initialized
DEBUG - 2026-06-10 08:34:44 --> Session: Class initialized using 'CodeIgniter\Session\Handlers\FileHandler' driver.
INFO - 2026-06-10 08:34:44 --> Cart Class Initialized
DEBUG - 2026-06-10 08:34:45 --> Session: Class initialized using 'CodeIgniter\Session\Handlers\FileHandler' driver.
INFO - 2026-06-10 08:34:45 --> Cart Class Initialized
DEBUG - 2026-06-10 08:34:46 --> Session: Class initialized using 'CodeIgniter\Session\Handlers\FileHandler' driver.
INFO - 2026-06-10 08:34:46 --> Cart Class Initialized
DEBUG - 2026-06-10 08:34:47 --> Session: Class initialized using 'CodeIgniter\Session\Handlers\FileHandler' driver.
INFO - 2026-06-10 08:34:47 --> Cart Class Initialized
DEBUG - 2026-06-10 08:34:48 --> Session: Class initialized using 'CodeIgniter\Session\Handlers\FileHandler' driver.
INFO - 2026-06-10 08:34:48 --> Cart Class Initialized
DEBUG - 2026-06-10 08:34:51 --> Session: Class initialized using 'CodeIgniter\Session\Handlers\FileHandler' driver.
INFO - 2026-06-10 08:34:51 --> Cart Class Initialized
DEBUG - 2026-06-10 08:35:14 --> Session: Class initialized using 'CodeIgniter\Session\Handlers\FileHandler' driver.
INFO - 2026-06-10 08:35:14 --> Cart Class Initialized
DEBUG - 2026-06-10 08:35:15 --> Session: Class initialized using 'CodeIgniter\Session\Handlers\FileHandler' driver.
INFO - 2026-06-10 08:35:15 --> Cart Class Initialized
DEBUG - 2026-06-10 08:37:55 --> Session: Class initialized using 'CodeIgniter\Session\Handlers\FileHandler' driver.
INFO - 2026-06-10 08:37:55 --> Cart Class Initialized
DEBUG - 2026-06-10 08:38:19 --> Session: Class initialized using 'CodeIgniter\Session\Handlers\FileHandler' driver.
INFO - 2026-06-10 08:38:19 --> Cart Class Initialized
DEBUG - 2026-06-10 08:38:21 --> Session: Class initialized using 'CodeIgniter\Session\Handlers\FileHandler' driver.
INFO - 2026-06-10 08:38:21 --> Cart Class Initialized
DEBUG - 2026-06-10 08:38:23 --> Session: Class initialized using 'CodeIgniter\Session\Handlers\FileHandler' driver.
INFO - 2026-06-10 08:38:23 --> Cart Class Initialized
DEBUG - 2026-06-10 08:38:38 --> Session: Class initialized using 'CodeIgniter\Session\Handlers\FileHandler' driver.
INFO - 2026-06-10 08:38:38 --> Cart Class Initialized
DEBUG - 2026-06-10 08:38:40 --> Session: Class initialized using 'CodeIgniter\Session\Handlers\FileHandler' driver.
INFO - 2026-06-10 08:38:40 --> Cart Class Initialized
DEBUG - 2026-06-10 08:38:43 --> Session: Class initialized using 'CodeIgniter\Session\Handlers\FileHandler' driver.
INFO - 2026-06-10 08:38:43 --> Cart Class Initialized
DEBUG - 2026-06-10 08:38:57 --> Session: Class initialized using 'CodeIgniter\Session\Handlers\FileHandler' driver.
INFO - 2026-06-10 08:38:57 --> Cart Class Initialized
DEBUG - 2026-06-10 08:40:32 --> Session: Class initialized using 'CodeIgniter\Session\Handlers\FileHandler' driver.
INFO - 2026-06-10 08:40:32 --> Cart Class Initialized
DEBUG - 2026-06-10 08:40:36 --> Session: Class initialized using 'CodeIgniter\Session\Handlers\FileHandler' driver.
INFO - 2026-06-10 08:40:36 --> Cart Class Initialized
DEBUG - 2026-06-10 08:40:38 --> Session: Class initialized using 'CodeIgniter\Session\Handlers\FileHandler' driver.
INFO - 2026-06-10 08:40:38 --> Cart Class Initialized
DEBUG - 2026-06-10 08:42:36 --> Session: Class initialized using 'CodeIgniter\Session\Handlers\FileHandler' driver.
INFO - 2026-06-10 08:42:36 --> Cart Class Initialized
DEBUG - 2026-06-10 08:42:46 --> Session: Class initialized using 'CodeIgniter\Session\Handlers\FileHandler' driver.
INFO - 2026-06-10 08:42:46 --> Cart Class Initialized
DEBUG - 2026-06-10 08:42:47 --> Session: Class initialized using 'CodeIgniter\Session\Handlers\FileHandler' driver.
INFO - 2026-06-10 08:42:47 --> Cart Class Initialized
DEBUG - 2026-06-10 08:46:42 --> Session: Class initialized using 'CodeIgniter\Session\Handlers\FileHandler' driver.
INFO - 2026-06-10 08:46:42 --> Cart Class Initialized
DEBUG - 2026-06-10 08:46:45 --> Session: Class initialized using 'CodeIgniter\Session\Handlers\FileHandler' driver.
INFO - 2026-06-10 08:46:45 --> Cart Class Initialized
DEBUG - 2026-06-10 08:46:46 --> Session: Class initialized using 'CodeIgniter\Session\Handlers\FileHandler' driver.
INFO - 2026-06-10 08:46:46 --> Cart Class Initialized
DEBUG - 2026-06-10 08:53:29 --> Session: Class initialized using 'CodeIgniter\Session\Handlers\FileHandler' driver.
INFO - 2026-06-10 08:53:29 --> Cart Class Initialized
DEBUG - 2026-06-10 08:53:36 --> Session: Class initialized using 'CodeIgniter\Session\Handlers\FileHandler' driver.
INFO - 2026-06-10 08:53:36 --> Cart Class Initialized
DEBUG - 2026-06-10 08:53:39 --> Session: Class initialized using 'CodeIgniter\Session\Handlers\FileHandler' driver.
INFO - 2026-06-10 08:53:39 --> Cart Class Initialized
DEBUG - 2026-06-10 08:53:40 --> Session: Class initialized using 'CodeIgniter\Session\Handlers\FileHandler' driver.
INFO - 2026-06-10 08:53:40 --> Cart Class Initialized
DEBUG - 2026-06-10 08:54:22 --> Session: Class initialized using 'CodeIgniter\Session\Handlers\FileHandler' driver.
INFO - 2026-06-10 08:54:22 --> Cart Class Initialized
DEBUG - 2026-06-10 08:54:22 --> Session: Class initialized using 'CodeIgniter\Session\Handlers\FileHandler' driver.
DEBUG - 2026-06-10 08:54:25 --> Session: Class initialized using 'CodeIgniter\Session\Handlers\FileHandler' driver.
INFO - 2026-06-10 08:54:25 --> Cart Class Initialized
DEBUG - 2026-06-10 08:55:13 --> Session: Class initialized using 'CodeIgniter\Session\Handlers\FileHandler' driver.
DEBUG - 2026-06-10 08:55:15 --> Session: Class initialized using 'CodeIgniter\Session\Handlers\FileHandler' driver.
INFO - 2026-06-10 08:55:15 --> Cart Class Initialized
DEBUG - 2026-06-10 08:55:15 --> Session: Class initialized using 'CodeIgniter\Session\Handlers\FileHandler' driver.
DEBUG - 2026-06-10 08:55:17 --> Session: Class initialized using 'CodeIgniter\Session\Handlers\FileHandler' driver.
INFO - 2026-06-10 08:55:17 --> Cart Class Initialized
DEBUG - 2026-06-10 08:55:17 --> Session: Class initialized using 'CodeIgniter\Session\Handlers\FileHandler' driver.
DEBUG - 2026-06-10 08:55:18 --> Session: Class initialized using 'CodeIgniter\Session\Handlers\FileHandler' driver.
INFO - 2026-06-10 08:55:18 --> Cart Class Initialized
DEBUG - 2026-06-10 08:55:22 --> Session: Class initialized using 'CodeIgniter\Session\Handlers\FileHandler' driver.
INFO - 2026-06-10 08:55:22 --> Cart Class Initialized
DEBUG - 2026-06-10 08:55:40 --> Session: Class initialized using 'CodeIgniter\Session\Handlers\FileHandler' driver.
INFO - 2026-06-10 08:55:40 --> Cart Class Initialized
DEBUG - 2026-06-10 08:55:45 --> Session: Class initialized using 'CodeIgniter\Session\Handlers\FileHandler' driver.
INFO - 2026-06-10 08:55:45 --> Cart Class Initialized
DEBUG - 2026-06-10 08:55:46 --> Session: Class initialized using 'CodeIgniter\Session\Handlers\FileHandler' driver.
INFO - 2026-06-10 08:55:46 --> Cart Class Initialized
DEBUG - 2026-06-10 08:55:48 --> Session: Class initialized using 'CodeIgniter\Session\Handlers\FileHandler' driver.
INFO - 2026-06-10 08:55:48 --> Cart Class Initialized
DEBUG - 2026-06-10 08:55:53 --> Session: Class initialized using 'CodeIgniter\Session\Handlers\FileHandler' driver.
INFO - 2026-06-10 08:55:53 --> Cart Class Initialized
DEBUG - 2026-06-10 08:55:53 --> Session: Class initialized using 'CodeIgniter\Session\Handlers\FileHandler' driver.
